Using pre-set license
Built from '6000.0/staging' branch; Version is '6000.0.32f1 (b2e806cf271c) revision 11724806'; Using compiler version '193933523'; Build Type 'Release'
OS: 'Windows 11  (10.0.26100) 64bit CoreSingleLanguage' Language: 'en' Physical Memory: 16104 MB
BatchMode: 1, IsHumanControllingUs: 0, StartBugReporterOnCrash: 0, Is64bit: 1, IsPro: 1

COMMAND LINE ARGUMENTS:
C:\Program Files\Unity\Hub\Editor\6000.0.32f1\Editor\Unity.exe
-adb2
-batchMode
-noUpm
-name
AssetImportWorker0
-projectPath
C:/Users/Admin/Desktop/Unity Projects/2D_Game_Project
-logFile
Logs/AssetImportWorker0.log
-srvPort
51606
-job-worker-count
5
-background-job-worker-count
8
-gc-helper-count
1
Successfully changed project path to: C:/Users/Admin/Desktop/Unity Projects/2D_Game_Project
C:/Users/Admin/Desktop/Unity Projects/2D_Game_Project
[UnityMemory] Configuration Parameters - Can be set up in boot.config
    "memorysetup-bucket-allocator-granularity=16"
    "memorysetup-bucket-allocator-bucket-count=8"
    "memorysetup-bucket-allocator-block-size=33554432"
    "memorysetup-bucket-allocator-block-count=8"
    "memorysetup-main-allocator-block-size=16777216"
    "memorysetup-thread-allocator-block-size=16777216"
    "memorysetup-gfx-main-allocator-block-size=16777216"
    "memorysetup-gfx-thread-allocator-block-size=16777216"
    "memorysetup-cache-allocator-block-size=4194304"
    "memorysetup-typetree-allocator-block-size=2097152"
    "memorysetup-profiler-bucket-allocator-granularity=16"
    "memorysetup-profiler-bucket-allocator-bucket-count=8"
    "memorysetup-profiler-bucket-allocator-block-size=33554432"
    "memorysetup-profiler-bucket-allocator-block-count=8"
    "memorysetup-profiler-allocator-block-size=16777216"
    "memorysetup-profiler-editor-allocator-block-size=1048576"
    "memorysetup-temp-allocator-size-main=16777216"
    "memorysetup-job-temp-allocator-block-size=2097152"
    "memorysetup-job-temp-allocator-block-size-background=1048576"
    "memorysetup-job-temp-allocator-reduction-small-platforms=262144"
    "memorysetup-allocator-temp-initial-block-size-main=262144"
    "memorysetup-allocator-temp-initial-block-size-worker=262144"
    "memorysetup-temp-allocator-size-background-worker=32768"
    "memorysetup-temp-allocator-size-job-worker=262144"
    "memorysetup-temp-allocator-size-preload-manager=33554432"
    "memorysetup-temp-allocator-size-nav-mesh-worker=65536"
    "memorysetup-temp-allocator-size-audio-worker=65536"
    "memorysetup-temp-allocator-size-cloud-worker=32768"
    "memorysetup-temp-allocator-size-gi-baking-worker=262144"
    "memorysetup-temp-allocator-size-gi-baking-worker=262144"
    "memorysetup-temp-allocator-size-gi-baking-worker=262144"
    "memorysetup-temp-allocator-size-gi-baking-worker=262144"
    "memorysetup-temp-allocator-size-gi-baking-worker=262144"
    "memorysetup-temp-allocator-size-gfx=262144"
Player connection [19008]  Target information:

Player connection [19008]  * "[IP] 192.168.137.104 [Port] 0 [Flags] 2 [Guid] 3811444233 [EditorId] 3811444233 [Version] 1048832 [Id] WindowsEditor(7,VinhPX) [Debug] 1 [PackageName] WindowsEditor [ProjectName] Editor" 

Player connection [19008] Host joined multi-casting on [225.0.0.222:54997]...
Player connection [19008] Host joined alternative multi-casting on [225.0.0.222:34997]...
JobSystem: Creating JobQueue using job-worker-count value 5
[Physics::Module] Initialized fallback backend.
[Physics::Module] Id: 0xdecafbad
Library Redirect Path: Library/
[Physics::Module] Selected backend.
[Physics::Module] Name: PhysX
[Physics::Module] Id: 0xf2b8ea05
[Physics::Module] SDK Version: 4.1.2
[Physics::Module] Integration Version: 1.0.0
[Physics::Module] Threading Mode: Multi-Threaded
Refreshing native plugins compatible for Editor in 2.12 ms, found 4 plugins.
Preloading 0 native plugins for Editor in 0.00 ms.
Initialize engine version: 6000.0.32f1 (b2e806cf271c)
[Subsystems] Discovering subsystems at path C:/Program Files/Unity/Hub/Editor/6000.0.32f1/Editor/Data/Resources/UnitySubsystems
[Subsystems] Discovering subsystems at path C:/Users/Admin/Desktop/Unity Projects/2D_Game_Project/Assets
GfxDevice: creating device client; kGfxThreadingModeNonThreaded
Direct3D:
    Version:  Direct3D 11.0 [level 11.1]
    Renderer: NVIDIA GeForce RTX 4050 Laptop GPU (ID=0x28a1)
    Vendor:   NVIDIA
    VRAM:     5935 MB
    Driver:   31.0.15.2876
Initialize mono
Mono path[0] = 'C:/Program Files/Unity/Hub/Editor/6000.0.32f1/Editor/Data/Managed'
Mono path[1] = 'C:/Program Files/Unity/Hub/Editor/6000.0.32f1/Editor/Data/MonoBleedingEdge/lib/mono/unityjit-win32'
Mono config path = 'C:/Program Files/Unity/Hub/Editor/6000.0.32f1/Editor/Data/MonoBleedingEdge/etc'
Using monoOptions --debugger-agent=transport=dt_socket,embedding=1,server=y,suspend=n,address=127.0.0.1:56004
Begin MonoManager ReloadAssembly
Registering precompiled unity dll's ...
Register platform support module: C:/Program Files/Unity/Hub/Editor/6000.0.32f1/Editor/Data/PlaybackEngines/WebGLSupport/UnityEditor.WebGL.Extensions.dll
Register platform support module: C:/Program Files/Unity/Hub/Editor/6000.0.32f1/Editor/Data/PlaybackEngines/MacStandaloneSupport/UnityEditor.OSXStandalone.Extensions.dll
Register platform support module: C:/Program Files/Unity/Hub/Editor/6000.0.32f1/Editor/Data/PlaybackEngines/WindowsStandaloneSupport/UnityEditor.WindowsStandalone.Extensions.dll
Register platform support module: C:/Program Files/Unity/Hub/Editor/6000.0.32f1/Editor/Data/PlaybackEngines/MetroSupport/UnityEditor.UWP.Extensions.dll
Register platform support module: C:/Program Files/Unity/Hub/Editor/6000.0.32f1/Editor/Data/PlaybackEngines/AndroidPlayer/UnityEditor.Android.Extensions.dll
Register platform support module: C:/Program Files/Unity/Hub/Editor/6000.0.32f1/Editor/Data/PlaybackEngines/iOSSupport/UnityEditor.iOS.Extensions.dll
Registered in 0.006189 seconds.
- Loaded All Assemblies, in  0.517 seconds
[usbmuxd] Start listen thread
[usbmuxd] Listen thread started
Native extension for iOS target not found
Native extension for Android target not found
Android Extension - Scanning For ADB Devices 2279 ms
Native extension for UWP target not found
Native extension for WindowsStandalone target not found
Native extension for OSXStandalone target not found
Native extension for WebGL target not found
Mono: successfully reloaded assembly
- Finished resetting the current domain, in  2.749 seconds
Domain Reload Profiling: 3264ms
	BeginReloadAssembly (200ms)
		ExecutionOrderSort (0ms)
		DisableScriptedObjects (0ms)
		BackupInstance (0ms)
		ReleaseScriptingObjects (0ms)
		CreateAndSetChildDomain (1ms)
	RebuildCommonClasses (48ms)
	RebuildNativeTypeToScriptingClass (21ms)
	initialDomainReloadingComplete (54ms)
	LoadAllAssembliesAndSetupDomain (192ms)
		LoadAssemblies (198ms)
		RebuildTransferFunctionScriptingTraits (0ms)
		AnalyzeDomain (187ms)
			TypeCache.Refresh (186ms)
				TypeCache.ScanAssembly (172ms)
			BuildScriptInfoCaches (0ms)
			ResolveRequiredComponents (1ms)
	FinalizeReload (2749ms)
		ReleaseScriptCaches (0ms)
		RebuildScriptCaches (0ms)
		SetupLoadedEditorAssemblies (2710ms)
			LogAssemblyErrors (0ms)
			InitializePlatformSupportModulesInManaged (2436ms)
			SetLoadedEditorAssemblies (4ms)
			BeforeProcessingInitializeOnLoad (73ms)
			ProcessInitializeOnLoadAttributes (128ms)
			ProcessInitializeOnLoadMethodAttributes (69ms)
			AfterProcessingInitializeOnLoad (0ms)
			EditorAssembliesLoaded (0ms)
		ExecutionOrderSort2 (0ms)
		AwakeInstancesAfterBackupRestoration (0ms)
========================================================================
Worker process is ready to serve import requests
Import Worker Mode flag is 0x00
Begin MonoManager ReloadAssembly
- Loaded All Assemblies, in  1.477 seconds
Refreshing native plugins compatible for Editor in 4.13 ms, found 4 plugins.
Native extension for iOS target not found
Native extension for Android target not found
Native extension for UWP target not found
Native extension for WindowsStandalone target not found
Native extension for OSXStandalone target not found
Native extension for WebGL target not found
Mono: successfully reloaded assembly
- Finished resetting the current domain, in  1.819 seconds
Domain Reload Profiling: 3294ms
	BeginReloadAssembly (198ms)
		ExecutionOrderSort (0ms)
		DisableScriptedObjects (6ms)
		BackupInstance (0ms)
		ReleaseScriptingObjects (0ms)
		CreateAndSetChildDomain (31ms)
	RebuildCommonClasses (40ms)
	RebuildNativeTypeToScriptingClass (11ms)
	initialDomainReloadingComplete (44ms)
	LoadAllAssembliesAndSetupDomain (1180ms)
		LoadAssemblies (708ms)
		RebuildTransferFunctionScriptingTraits (0ms)
		AnalyzeDomain (593ms)
			TypeCache.Refresh (405ms)
				TypeCache.ScanAssembly (368ms)
			BuildScriptInfoCaches (158ms)
			ResolveRequiredComponents (24ms)
	FinalizeReload (1820ms)
		ReleaseScriptCaches (0ms)
		RebuildScriptCaches (0ms)
		SetupLoadedEditorAssemblies (1580ms)
			LogAssemblyErrors (0ms)
			InitializePlatformSupportModulesInManaged (60ms)
			SetLoadedEditorAssemblies (13ms)
			BeforeProcessingInitializeOnLoad (375ms)
			ProcessInitializeOnLoadAttributes (985ms)
			ProcessInitializeOnLoadMethodAttributes (135ms)
			AfterProcessingInitializeOnLoad (11ms)
			EditorAssembliesLoaded (1ms)
		ExecutionOrderSort2 (0ms)
		AwakeInstancesAfterBackupRestoration (11ms)
Launched and connected shader compiler UnityShaderCompiler.exe after 0.02 seconds
Refreshing native plugins compatible for Editor in 4.77 ms, found 4 plugins.
Preloading 0 native plugins for Editor in 0.00 ms.
Unloading 154 Unused Serialized files (Serialized files now loaded: 0)
Unloading 6765 unused Assets / (6.1 MB). Loaded Objects now: 7357.
Memory consumption went from 169.0 MB to 162.8 MB.
Total: 18.172200 ms (FindLiveObjects: 1.166200 ms CreateObjectMapping: 1.766400 ms MarkObjects: 8.650000 ms  DeleteObjects: 6.587800 ms)

========================================================================
Received Import Request.
  Time since last request: 6097.920867 seconds.
  path: Assets/Prefabs/Enemy/Boss/HeroKnightPatrol (1).prefab
  artifactKey: Guid(62161de7c7b691d4c989cd91d6ab73d4) Importer(815301076,1909f56bfc062723c751e8b465ee728b)
Start importing Assets/Prefabs/Enemy/Boss/HeroKnightPatrol (1).prefab using Guid(62161de7c7b691d4c989cd91d6ab73d4) Importer(815301076,1909f56bfc062723c751e8b465ee728b) (PreviewImporter) -> (artifact id: '66469a518eae75bf5f1aa59108884988') in 0.3212292 seconds
Number of updated asset objects reloaded before import = 0Number of asset objects unloaded after import = 142

========================================================================
Received Import Request.
  Time since last request: 1019.950342 seconds.
  path: Assets/Sprites/Pixel Art Skill Animations - Lightning
  artifactKey: Guid(52704e6f13ca1c34eab2904681d4a2be) Importer(815301076,1909f56bfc062723c751e8b465ee728b)
Start importing Assets/Sprites/Pixel Art Skill Animations - Lightning using Guid(52704e6f13ca1c34eab2904681d4a2be) Importer(815301076,1909f56bfc062723c751e8b465ee728b) (PreviewImporter) -> (artifact id: '1dd7875dc58ade53b110e41e3219e229') in 0.001108 seconds
Number of updated asset objects reloaded before import = 0Number of asset objects unloaded after import = 0

========================================================================
Received Import Request.
  Time since last request: 1.291236 seconds.
  path: Assets/Sprites/Pixel Art Skill Animations - Lightning/VFX2
  artifactKey: Guid(5d3443bbf26a2494b901a7e50cb2f964) Importer(815301076,1909f56bfc062723c751e8b465ee728b)
Start importing Assets/Sprites/Pixel Art Skill Animations - Lightning/VFX2 using Guid(5d3443bbf26a2494b901a7e50cb2f964) Importer(815301076,1909f56bfc062723c751e8b465ee728b) (PreviewImporter) -> (artifact id: '1181e7d48fd2765f1b1ee9d1c4b4f36c') in 0.0005976 seconds
Number of updated asset objects reloaded before import = 0Number of asset objects unloaded after import = 0

========================================================================
Received Import Request.
  Time since last request: 0.040009 seconds.
  path: Assets/Sprites/Pixel Art Skill Animations - Lightning/VFX2/GIF_VFX2.gif
  artifactKey: Guid(f0605e6b5236ec1448aa2df147ed1cd8) Importer(815301076,1909f56bfc062723c751e8b465ee728b)
Start importing Assets/Sprites/Pixel Art Skill Animations - Lightning/VFX2/GIF_VFX2.gif using Guid(f0605e6b5236ec1448aa2df147ed1cd8) Importer(815301076,1909f56bfc062723c751e8b465ee728b) (PreviewImporter) -> (artifact id: 'a2f4bcf88b09e75528dba3ea5afa0749') in 0.0381586 seconds
Number of updated asset objects reloaded before import = 0Number of asset objects unloaded after import = 3

========================================================================
Received Import Request.
  Time since last request: 43.197722 seconds.
  path: Assets/Sprites/Pixel Art Skill Animations - Lightning/VFX2/Sprite-sheet
  artifactKey: Guid(d985bbb9eb0c95a4a9ded754f5ed1388) Importer(815301076,1909f56bfc062723c751e8b465ee728b)
Start importing Assets/Sprites/Pixel Art Skill Animations - Lightning/VFX2/Sprite-sheet using Guid(d985bbb9eb0c95a4a9ded754f5ed1388) Importer(815301076,1909f56bfc062723c751e8b465ee728b) (PreviewImporter) -> (artifact id: '1d098c9b2aa569aa43746c5c40aba918') in 0.0010012 seconds
Number of updated asset objects reloaded before import = 0Number of asset objects unloaded after import = 0

========================================================================
Received Import Request.
  Time since last request: 0.034773 seconds.
  path: Assets/Sprites/Pixel Art Skill Animations - Lightning/VFX2/Sprite-sheet/Sprite-sheet.png
  artifactKey: Guid(a4093e0b7ceb42e4d9f99d552d64f46d) Importer(815301076,1909f56bfc062723c751e8b465ee728b)
Start importing Assets/Sprites/Pixel Art Skill Animations - Lightning/VFX2/Sprite-sheet/Sprite-sheet.png using Guid(a4093e0b7ceb42e4d9f99d552d64f46d) Importer(815301076,1909f56bfc062723c751e8b465ee728b) (PreviewImporter) -> (artifact id: '4ed5e1ccce53fe08039cb7a636f40d04') in 0.0404421 seconds
Number of updated asset objects reloaded before import = 0Number of asset objects unloaded after import = 6

========================================================================
Received Import Request.
  Time since last request: 80.287399 seconds.
  path: Assets/Animation/Checkpoint/Checkpoint.overrideController
  artifactKey: Guid(d90a77ea815d6484eaa135bc640f6597) Importer(815301076,1909f56bfc062723c751e8b465ee728b)
Start importing Assets/Animation/Checkpoint/Checkpoint.overrideController using Guid(d90a77ea815d6484eaa135bc640f6597) Importer(815301076,1909f56bfc062723c751e8b465ee728b) (PreviewImporter) -> (artifact id: '6abd2f61eb49121925e8cbf93309c683') in 0.0022815 seconds
Number of updated asset objects reloaded before import = 0Number of asset objects unloaded after import = 1

========================================================================
Received Import Request.
  Time since last request: 43.709058 seconds.
  path: Assets/Animation/Enemy/HeroKnight/HeroKnight_teleportSkillEffect.controller
  artifactKey: Guid(d52d204efe281d541bfd0f5cec66a389) Importer(815301076,1909f56bfc062723c751e8b465ee728b)
Start importing Assets/Animation/Enemy/HeroKnight/HeroKnight_teleportSkillEffect.controller using Guid(d52d204efe281d541bfd0f5cec66a389) Importer(815301076,1909f56bfc062723c751e8b465ee728b) (PreviewImporter) -> (artifact id: 'a202718b7a6c2919e3611a8e2fefd198') in 0.001352 seconds
Number of updated asset objects reloaded before import = 0Number of asset objects unloaded after import = 1

========================================================================
Received Import Request.
  Time since last request: 44.847750 seconds.
  path: Assets/Sprites/Pixel Art Skill Animations - Lightning/VFX1/Sprite-sheet/Sprite-sheet.png
  artifactKey: Guid(0fe3927a12e6b974d9f2d04730c498e8) Importer(815301076,1909f56bfc062723c751e8b465ee728b)
Start importing Assets/Sprites/Pixel Art Skill Animations - Lightning/VFX1/Sprite-sheet/Sprite-sheet.png using Guid(0fe3927a12e6b974d9f2d04730c498e8) Importer(815301076,1909f56bfc062723c751e8b465ee728b) (PreviewImporter) -> (artifact id: 'e1fbbdd22c2bab17a8549cfa6112857d') in 0.0682511 seconds
Number of updated asset objects reloaded before import = 0Number of asset objects unloaded after import = 6

========================================================================
Received Import Request.
  Time since last request: 0.000160 seconds.
  path: Assets/Sprites/Pixel Art Skill Animations - Lightning/VFX3/Sprite-sheet/Sprite-sheet.psd
  artifactKey: Guid(2f5bcd8b8d9dfbd478fbbde29ff9c848) Importer(815301076,1909f56bfc062723c751e8b465ee728b)
Start importing Assets/Sprites/Pixel Art Skill Animations - Lightning/VFX3/Sprite-sheet/Sprite-sheet.psd using Guid(2f5bcd8b8d9dfbd478fbbde29ff9c848) Importer(815301076,1909f56bfc062723c751e8b465ee728b) (PreviewImporter) -> (artifact id: '43d12829d735fff68d601557f4f8faf4') in 0.0303756 seconds
Number of updated asset objects reloaded before import = 0Number of asset objects unloaded after import = 3

========================================================================
Received Import Request.
  Time since last request: 0.000034 seconds.
  path: Assets/Sprites/Pixel Art Skill Animations - Lightning/VFX1/Sprite-sheet/Sprite-sheet.psd
  artifactKey: Guid(77dd6b0d8abdeee4590611ea61da690d) Importer(815301076,1909f56bfc062723c751e8b465ee728b)
Start importing Assets/Sprites/Pixel Art Skill Animations - Lightning/VFX1/Sprite-sheet/Sprite-sheet.psd using Guid(77dd6b0d8abdeee4590611ea61da690d) Importer(815301076,1909f56bfc062723c751e8b465ee728b) (PreviewImporter) -> (artifact id: '94ecc066ce70475fc4f640c1343623ab') in 0.0211918 seconds
Number of updated asset objects reloaded before import = 0Number of asset objects unloaded after import = 3

========================================================================
Received Import Request.
  Time since last request: 0.000073 seconds.
  path: Assets/Sprites/Pixel Art Skill Animations - Lightning/VFX4/Sprite-sheet/Sprite-sheet.psd
  artifactKey: Guid(4b304b0ae951bc54a88ab9b354982f53) Importer(815301076,1909f56bfc062723c751e8b465ee728b)
Start importing Assets/Sprites/Pixel Art Skill Animations - Lightning/VFX4/Sprite-sheet/Sprite-sheet.psd using Guid(4b304b0ae951bc54a88ab9b354982f53) Importer(815301076,1909f56bfc062723c751e8b465ee728b) (PreviewImporter) -> (artifact id: 'd9597d1dcbb301fed3d88288fc72c753') in 0.0243533 seconds
Number of updated asset objects reloaded before import = 0Number of asset objects unloaded after import = 3

========================================================================
Received Import Request.
  Time since last request: 0.000084 seconds.
  path: Assets/Sprites/Pixel Art Skill Animations - Lightning/VFX3/Sprite-sheet/Sprite-sheet.png
  artifactKey: Guid(82316827f5ed0204fb1a16a38a304514) Importer(815301076,1909f56bfc062723c751e8b465ee728b)
Start importing Assets/Sprites/Pixel Art Skill Animations - Lightning/VFX3/Sprite-sheet/Sprite-sheet.png using Guid(82316827f5ed0204fb1a16a38a304514) Importer(815301076,1909f56bfc062723c751e8b465ee728b) (PreviewImporter) -> (artifact id: 'd0253d1d696b1e2a1d1b476a98c2cce7') in 0.0906022 seconds
Number of updated asset objects reloaded before import = 0Number of asset objects unloaded after import = 17

========================================================================
Received Import Request.
  Time since last request: 0.000031 seconds.
  path: Assets/Sprites/Pixel Art Skill Animations - Lightning/VFX5/Sprite-sheet/Sprite-sheet.psd
  artifactKey: Guid(4d7409cc0e96b324f87da102359996e6) Importer(815301076,1909f56bfc062723c751e8b465ee728b)
Start importing Assets/Sprites/Pixel Art Skill Animations - Lightning/VFX5/Sprite-sheet/Sprite-sheet.psd using Guid(4d7409cc0e96b324f87da102359996e6) Importer(815301076,1909f56bfc062723c751e8b465ee728b) (PreviewImporter) -> (artifact id: '32edded2f5a3d92f5e416140347f15f8') in 0.0245113 seconds
Number of updated asset objects reloaded before import = 0Number of asset objects unloaded after import = 3

========================================================================
Received Import Request.
  Time since last request: 0.000106 seconds.
  path: Assets/Sprites/Pixel Art Skill Animations - Lightning/VFX5/Sprite-sheet/Sprite-sheet.png
  artifactKey: Guid(28e4fd38f44098b4b83e582acac7413a) Importer(815301076,1909f56bfc062723c751e8b465ee728b)
Start importing Assets/Sprites/Pixel Art Skill Animations - Lightning/VFX5/Sprite-sheet/Sprite-sheet.png using Guid(28e4fd38f44098b4b83e582acac7413a) Importer(815301076,1909f56bfc062723c751e8b465ee728b) (PreviewImporter) -> (artifact id: '83d1aba3d941ff55e0bba9cc6d98919c') in 0.0427127 seconds
Number of updated asset objects reloaded before import = 0Number of asset objects unloaded after import = 10

Editor requested this worker to shutdown with reason: Scaling down because of idle timeout
AssetImportWorker is now disconnected from the server
Process exiting
Exiting without the bug reporter. Application will terminate with return code 0